\BOOKMARK [0][-]{chapter.1}{\376\377\0001\000\040\000R\000E\000A\000D\000M\000E\000\040}{}% 1
\BOOKMARK [1][-]{subsection.1.0.1}{\376\377\0001\000.\0000\000.\0001\000\040\000V\0000\000.\0004\000\040\000t\000e\000s\000t\000a\000v\000i\000m\000a\000i}{chapter.1}% 2
\BOOKMARK [2][-]{subsection.1.0.2}{\376\377\0001\000.\0000\000.\0002\000\040\000P\000a\000d\000a\000r\000y\000t\000i\000\040\000p\000o\000k\000y\001\015\000i\000a\000i\000\040\000-\000\040\000S\000t\000r\000u\000c\000t\000\040\000p\000a\000k\000e\000i\000s\000t\000a\000s\000\040\001\057\000\040\000C\000l\000a\000s\000s\000.}{subsection.1.0.1}% 3
\BOOKMARK [0][-]{chapter.2}{\376\377\0002\000\040\000H\000i\000e\000r\000a\000r\000c\000h\000i\000c\000a\000l\000\040\000I\000n\000d\000e\000x}{}% 4
\BOOKMARK [1][-]{section.2.1}{\376\377\0002\000.\0001\000\040\000C\000l\000a\000s\000s\000\040\000H\000i\000e\000r\000a\000r\000c\000h\000y}{chapter.2}% 5
\BOOKMARK [0][-]{chapter.3}{\376\377\0003\000\040\000C\000l\000a\000s\000s\000\040\000I\000n\000d\000e\000x}{}% 6
\BOOKMARK [1][-]{section.3.1}{\376\377\0003\000.\0001\000\040\000C\000l\000a\000s\000s\000\040\000L\000i\000s\000t}{chapter.3}% 7
\BOOKMARK [0][-]{chapter.4}{\376\377\0004\000\040\000F\000i\000l\000e\000\040\000I\000n\000d\000e\000x}{}% 8
\BOOKMARK [1][-]{section.4.1}{\376\377\0004\000.\0001\000\040\000F\000i\000l\000e\000\040\000L\000i\000s\000t}{chapter.4}% 9
\BOOKMARK [0][-]{chapter.5}{\376\377\0005\000\040\000C\000l\000a\000s\000s\000\040\000D\000o\000c\000u\000m\000e\000n\000t\000a\000t\000i\000o\000n}{}% 10
\BOOKMARK [1][-]{section.5.1}{\376\377\0005\000.\0001\000\040\000M\000y\000V\000e\000c\000t\000o\000r\000<\000\040\000T\000\040\000>\000\040\000C\000l\000a\000s\000s\000\040\000T\000e\000m\000p\000l\000a\000t\000e\000\040\000R\000e\000f\000e\000r\000e\000n\000c\000e}{chapter.5}% 11
\BOOKMARK [2][-]{subsection.5.1.1}{\376\377\0005\000.\0001\000.\0001\000\040\000D\000e\000t\000a\000i\000l\000e\000d\000\040\000D\000e\000s\000c\000r\000i\000p\000t\000i\000o\000n}{section.5.1}% 12
\BOOKMARK [2][-]{subsection.5.1.2}{\376\377\0005\000.\0001\000.\0002\000\040\000M\000e\000m\000b\000e\000r\000\040\000T\000y\000p\000e\000d\000e\000f\000\040\000D\000o\000c\000u\000m\000e\000n\000t\000a\000t\000i\000o\000n}{section.5.1}% 13
\BOOKMARK [3][-]{subsubsection.5.1.2.1}{\376\377\0005\000.\0001\000.\0002\000.\0001\000\040\000v\000a\000l\000u\000e\000\137\000t\000y\000p\000e}{subsection.5.1.2}% 14
\BOOKMARK [2][-]{subsection.5.1.3}{\376\377\0005\000.\0001\000.\0003\000\040\000C\000o\000n\000s\000t\000r\000u\000c\000t\000o\000r\000\040\000\046\000\040\000D\000e\000s\000t\000r\000u\000c\000t\000o\000r\000\040\000D\000o\000c\000u\000m\000e\000n\000t\000a\000t\000i\000o\000n}{section.5.1}% 15
\BOOKMARK [3][-]{subsubsection.5.1.3.1}{\376\377\0005\000.\0001\000.\0003\000.\0001\000\040\000M\000y\000V\000e\000c\000t\000o\000r\000\050\000\051\000\040\000[\0001\000/\0003\000]}{subsection.5.1.3}% 16
\BOOKMARK [3][-]{subsubsection.5.1.3.2}{\376\377\0005\000.\0001\000.\0003\000.\0002\000\040\000M\000y\000V\000e\000c\000t\000o\000r\000\050\000\051\000\040\000[\0002\000/\0003\000]}{subsection.5.1.3}% 17
\BOOKMARK [3][-]{subsubsection.5.1.3.3}{\376\377\0005\000.\0001\000.\0003\000.\0003\000\040\000M\000y\000V\000e\000c\000t\000o\000r\000\050\000\051\000\040\000[\0003\000/\0003\000]}{subsection.5.1.3}% 18
\BOOKMARK [3][-]{subsubsection.5.1.3.4}{\376\377\0005\000.\0001\000.\0003\000.\0004\000\040\000~\000M\000y\000V\000e\000c\000t\000o\000r\000\050\000\051}{subsection.5.1.3}% 19
\BOOKMARK [2][-]{subsection.5.1.4}{\376\377\0005\000.\0001\000.\0004\000\040\000M\000e\000m\000b\000e\000r\000\040\000F\000u\000n\000c\000t\000i\000o\000n\000\040\000D\000o\000c\000u\000m\000e\000n\000t\000a\000t\000i\000o\000n}{section.5.1}% 20
\BOOKMARK [3][-]{subsubsection.5.1.4.1}{\376\377\0005\000.\0001\000.\0004\000.\0001\000\040\000a\000s\000s\000i\000g\000n\000\050\000\051}{subsection.5.1.4}% 21
\BOOKMARK [3][-]{subsubsection.5.1.4.2}{\376\377\0005\000.\0001\000.\0004\000.\0002\000\040\000a\000t\000\050\000\051\000\040\000[\0001\000/\0002\000]}{subsection.5.1.4}% 22
\BOOKMARK [3][-]{subsubsection.5.1.4.3}{\376\377\0005\000.\0001\000.\0004\000.\0003\000\040\000a\000t\000\050\000\051\000\040\000[\0002\000/\0002\000]}{subsection.5.1.4}% 23
\BOOKMARK [3][-]{subsubsection.5.1.4.4}{\376\377\0005\000.\0001\000.\0004\000.\0004\000\040\000b\000a\000c\000k\000\050\000\051\000\040\000[\0001\000/\0002\000]}{subsection.5.1.4}% 24
\BOOKMARK [3][-]{subsubsection.5.1.4.5}{\376\377\0005\000.\0001\000.\0004\000.\0005\000\040\000b\000a\000c\000k\000\050\000\051\000\040\000[\0002\000/\0002\000]}{subsection.5.1.4}% 25
\BOOKMARK [3][-]{subsubsection.5.1.4.6}{\376\377\0005\000.\0001\000.\0004\000.\0006\000\040\000b\000e\000g\000i\000n\000\050\000\051\000\040\000[\0001\000/\0002\000]}{subsection.5.1.4}% 26
\BOOKMARK [3][-]{subsubsection.5.1.4.7}{\376\377\0005\000.\0001\000.\0004\000.\0007\000\040\000b\000e\000g\000i\000n\000\050\000\051\000\040\000[\0002\000/\0002\000]}{subsection.5.1.4}% 27
\BOOKMARK [3][-]{subsubsection.5.1.4.8}{\376\377\0005\000.\0001\000.\0004\000.\0008\000\040\000c\000a\000p\000a\000c\000i\000t\000y\000\050\000\051\000\040\000[\0001\000/\0002\000]}{subsection.5.1.4}% 28
\BOOKMARK [3][-]{subsubsection.5.1.4.9}{\376\377\0005\000.\0001\000.\0004\000.\0009\000\040\000c\000a\000p\000a\000c\000i\000t\000y\000\050\000\051\000\040\000[\0002\000/\0002\000]}{subsection.5.1.4}% 29
\BOOKMARK [3][-]{subsubsection.5.1.4.10}{\376\377\0005\000.\0001\000.\0004\000.\0001\0000\000\040\000c\000b\000e\000g\000i\000n\000\050\000\051}{subsection.5.1.4}% 30
\BOOKMARK [3][-]{subsubsection.5.1.4.11}{\376\377\0005\000.\0001\000.\0004\000.\0001\0001\000\040\000c\000e\000n\000d\000\050\000\051}{subsection.5.1.4}% 31
\BOOKMARK [3][-]{subsubsection.5.1.4.12}{\376\377\0005\000.\0001\000.\0004\000.\0001\0002\000\040\000c\000l\000e\000a\000r\000\050\000\051}{subsection.5.1.4}% 32
\BOOKMARK [3][-]{subsubsection.5.1.4.13}{\376\377\0005\000.\0001\000.\0004\000.\0001\0003\000\040\000d\000a\000t\000a\000\050\000\051}{subsection.5.1.4}% 33
\BOOKMARK [3][-]{subsubsection.5.1.4.14}{\376\377\0005\000.\0001\000.\0004\000.\0001\0004\000\040\000e\000m\000p\000t\000y\000\050\000\051\000\040\000[\0001\000/\0002\000]}{subsection.5.1.4}% 34
\BOOKMARK [3][-]{subsubsection.5.1.4.15}{\376\377\0005\000.\0001\000.\0004\000.\0001\0005\000\040\000e\000m\000p\000t\000y\000\050\000\051\000\040\000[\0002\000/\0002\000]}{subsection.5.1.4}% 35
\BOOKMARK [3][-]{subsubsection.5.1.4.16}{\376\377\0005\000.\0001\000.\0004\000.\0001\0006\000\040\000e\000n\000d\000\050\000\051\000\040\000[\0001\000/\0002\000]}{subsection.5.1.4}% 36
\BOOKMARK [3][-]{subsubsection.5.1.4.17}{\376\377\0005\000.\0001\000.\0004\000.\0001\0007\000\040\000e\000n\000d\000\050\000\051\000\040\000[\0002\000/\0002\000]}{subsection.5.1.4}% 37
\BOOKMARK [3][-]{subsubsection.5.1.4.18}{\376\377\0005\000.\0001\000.\0004\000.\0001\0008\000\040\000e\000r\000a\000s\000e\000\050\000\051\000\040\000[\0001\000/\0002\000]}{subsection.5.1.4}% 38
\BOOKMARK [3][-]{subsubsection.5.1.4.19}{\376\377\0005\000.\0001\000.\0004\000.\0001\0009\000\040\000e\000r\000a\000s\000e\000\050\000\051\000\040\000[\0002\000/\0002\000]}{subsection.5.1.4}% 39
\BOOKMARK [3][-]{subsubsection.5.1.4.20}{\376\377\0005\000.\0001\000.\0004\000.\0002\0000\000\040\000f\000r\000o\000n\000t\000\050\000\051\000\040\000[\0001\000/\0002\000]}{subsection.5.1.4}% 40
\BOOKMARK [3][-]{subsubsection.5.1.4.21}{\376\377\0005\000.\0001\000.\0004\000.\0002\0001\000\040\000f\000r\000o\000n\000t\000\050\000\051\000\040\000[\0002\000/\0002\000]}{subsection.5.1.4}% 41
\BOOKMARK [3][-]{subsubsection.5.1.4.22}{\376\377\0005\000.\0001\000.\0004\000.\0002\0002\000\040\000g\000r\000o\000w\000\050\000\051}{subsection.5.1.4}% 42
\BOOKMARK [3][-]{subsubsection.5.1.4.23}{\376\377\0005\000.\0001\000.\0004\000.\0002\0003\000\040\000i\000n\000s\000e\000r\000t\000\050\000\051}{subsection.5.1.4}% 43
\BOOKMARK [3][-]{subsubsection.5.1.4.24}{\376\377\0005\000.\0001\000.\0004\000.\0002\0004\000\040\000o\000p\000e\000r\000a\000t\000o\000r\000=\000\050\000\051\000\040\000[\0001\000/\0002\000]}{subsection.5.1.4}% 44
\BOOKMARK [3][-]{subsubsection.5.1.4.25}{\376\377\0005\000.\0001\000.\0004\000.\0002\0005\000\040\000o\000p\000e\000r\000a\000t\000o\000r\000=\000\050\000\051\000\040\000[\0002\000/\0002\000]}{subsection.5.1.4}% 45
\BOOKMARK [3][-]{subsubsection.5.1.4.26}{\376\377\0005\000.\0001\000.\0004\000.\0002\0006\000\040\000o\000p\000e\000r\000a\000t\000o\000r\000[\000]\000\050\000\051\000\040\000[\0001\000/\0002\000]}{subsection.5.1.4}% 46
\BOOKMARK [3][-]{subsubsection.5.1.4.27}{\376\377\0005\000.\0001\000.\0004\000.\0002\0007\000\040\000o\000p\000e\000r\000a\000t\000o\000r\000[\000]\000\050\000\051\000\040\000[\0002\000/\0002\000]}{subsection.5.1.4}% 47
\BOOKMARK [3][-]{subsubsection.5.1.4.28}{\376\377\0005\000.\0001\000.\0004\000.\0002\0008\000\040\000p\000o\000p\000\137\000b\000a\000c\000k\000\050\000\051}{subsection.5.1.4}% 48
\BOOKMARK [3][-]{subsubsection.5.1.4.29}{\376\377\0005\000.\0001\000.\0004\000.\0002\0009\000\040\000p\000u\000s\000h\000\137\000b\000a\000c\000k\000\050\000\051}{subsection.5.1.4}% 49
\BOOKMARK [3][-]{subsubsection.5.1.4.30}{\376\377\0005\000.\0001\000.\0004\000.\0003\0000\000\040\000r\000e\000s\000e\000r\000v\000e\000\050\000\051}{subsection.5.1.4}% 50
\BOOKMARK [3][-]{subsubsection.5.1.4.31}{\376\377\0005\000.\0001\000.\0004\000.\0003\0001\000\040\000r\000e\000s\000i\000z\000e\000\050\000\051\000\040\000[\0001\000/\0002\000]}{subsection.5.1.4}% 51
\BOOKMARK [3][-]{subsubsection.5.1.4.32}{\376\377\0005\000.\0001\000.\0004\000.\0003\0002\000\040\000r\000e\000s\000i\000z\000e\000\050\000\051\000\040\000[\0002\000/\0002\000]}{subsection.5.1.4}% 52
\BOOKMARK [3][-]{subsubsection.5.1.4.33}{\376\377\0005\000.\0001\000.\0004\000.\0003\0003\000\040\000s\000h\000r\000i\000n\000k\000\137\000t\000o\000\137\000f\000i\000t\000\050\000\051}{subsection.5.1.4}% 53
\BOOKMARK [3][-]{subsubsection.5.1.4.34}{\376\377\0005\000.\0001\000.\0004\000.\0003\0004\000\040\000s\000i\000z\000e\000\050\000\051\000\040\000[\0001\000/\0002\000]}{subsection.5.1.4}% 54
\BOOKMARK [3][-]{subsubsection.5.1.4.35}{\376\377\0005\000.\0001\000.\0004\000.\0003\0005\000\040\000s\000i\000z\000e\000\050\000\051\000\040\000[\0002\000/\0002\000]}{subsection.5.1.4}% 55
\BOOKMARK [3][-]{subsubsection.5.1.4.36}{\376\377\0005\000.\0001\000.\0004\000.\0003\0006\000\040\000s\000w\000a\000p\000\050\000\051}{subsection.5.1.4}% 56
\BOOKMARK [2][-]{subsection.5.1.5}{\376\377\0005\000.\0001\000.\0005\000\040\000M\000e\000m\000b\000e\000r\000\040\000D\000a\000t\000a\000\040\000D\000o\000c\000u\000m\000e\000n\000t\000a\000t\000i\000o\000n}{section.5.1}% 57
\BOOKMARK [3][-]{subsubsection.5.1.5.1}{\376\377\0005\000.\0001\000.\0005\000.\0001\000\040\000c\000a\000p\000a\000c\000i\000t\000y\000\137}{subsection.5.1.5}% 58
\BOOKMARK [3][-]{subsubsection.5.1.5.2}{\376\377\0005\000.\0001\000.\0005\000.\0002\000\040\000d\000a\000t\000a\000\137}{subsection.5.1.5}% 59
\BOOKMARK [3][-]{subsubsection.5.1.5.3}{\376\377\0005\000.\0001\000.\0005\000.\0003\000\040\000s\000i\000z\000e\000\137}{subsection.5.1.5}% 60
\BOOKMARK [1][-]{section.5.2}{\376\377\0005\000.\0002\000\040\000S\000t\000u\000d\000e\000n\000t\000a\000s\000<\000\040\000G\000r\000a\000d\000e\000C\000o\000n\000t\000a\000i\000n\000e\000r\000\040\000>\000\040\000C\000l\000a\000s\000s\000\040\000T\000e\000m\000p\000l\000a\000t\000e\000\040\000R\000e\000f\000e\000r\000e\000n\000c\000e}{chapter.5}% 61
\BOOKMARK [2][-]{subsection.5.2.1}{\376\377\0005\000.\0002\000.\0001\000\040\000D\000e\000t\000a\000i\000l\000e\000d\000\040\000D\000e\000s\000c\000r\000i\000p\000t\000i\000o\000n}{section.5.2}% 62
\BOOKMARK [2][-]{subsection.5.2.2}{\376\377\0005\000.\0002\000.\0002\000\040\000C\000o\000n\000s\000t\000r\000u\000c\000t\000o\000r\000\040\000\046\000\040\000D\000e\000s\000t\000r\000u\000c\000t\000o\000r\000\040\000D\000o\000c\000u\000m\000e\000n\000t\000a\000t\000i\000o\000n}{section.5.2}% 63
\BOOKMARK [3][-]{subsubsection.5.2.2.1}{\376\377\0005\000.\0002\000.\0002\000.\0001\000\040\000S\000t\000u\000d\000e\000n\000t\000a\000s\000\050\000\051\000\040\000[\0001\000/\0003\000]}{subsection.5.2.2}% 64
\BOOKMARK [3][-]{subsubsection.5.2.2.2}{\376\377\0005\000.\0002\000.\0002\000.\0002\000\040\000S\000t\000u\000d\000e\000n\000t\000a\000s\000\050\000\051\000\040\000[\0002\000/\0003\000]}{subsection.5.2.2}% 65
\BOOKMARK [3][-]{subsubsection.5.2.2.3}{\376\377\0005\000.\0002\000.\0002\000.\0003\000\040\000S\000t\000u\000d\000e\000n\000t\000a\000s\000\050\000\051\000\040\000[\0003\000/\0003\000]}{subsection.5.2.2}% 66
\BOOKMARK [3][-]{subsubsection.5.2.2.4}{\376\377\0005\000.\0002\000.\0002\000.\0004\000\040\000~\000S\000t\000u\000d\000e\000n\000t\000a\000s\000\050\000\051}{subsection.5.2.2}% 67
\BOOKMARK [2][-]{subsection.5.2.3}{\376\377\0005\000.\0002\000.\0003\000\040\000M\000e\000m\000b\000e\000r\000\040\000F\000u\000n\000c\000t\000i\000o\000n\000\040\000D\000o\000c\000u\000m\000e\000n\000t\000a\000t\000i\000o\000n}{section.5.2}% 68
\BOOKMARK [3][-]{subsubsection.5.2.3.1}{\376\377\0005\000.\0002\000.\0003\000.\0001\000\040\000e\000g\000z\000a\000m\000i\000n\000a\000s\000\050\000\051}{subsection.5.2.3}% 69
\BOOKMARK [3][-]{subsubsection.5.2.3.2}{\376\377\0005\000.\0002\000.\0003\000.\0002\000\040\000m\000e\000d\000i\000a\000n\000a\000\050\000\051}{subsection.5.2.3}% 70
\BOOKMARK [3][-]{subsubsection.5.2.3.3}{\376\377\0005\000.\0002\000.\0003\000.\0003\000\040\000o\000p\000e\000r\000a\000t\000o\000r\000=\000\050\000\051\000\040\000[\0001\000/\0002\000]}{subsection.5.2.3}% 71
\BOOKMARK [3][-]{subsubsection.5.2.3.4}{\376\377\0005\000.\0002\000.\0003\000.\0004\000\040\000o\000p\000e\000r\000a\000t\000o\000r\000=\000\050\000\051\000\040\000[\0002\000/\0002\000]}{subsection.5.2.3}% 72
\BOOKMARK [3][-]{subsubsection.5.2.3.5}{\376\377\0005\000.\0002\000.\0003\000.\0005\000\040\000p\000a\000z\000y\000m\000i\000a\000i\000\050\000\051\000\040\000[\0001\000/\0002\000]}{subsection.5.2.3}% 73
\BOOKMARK [3][-]{subsubsection.5.2.3.6}{\376\377\0005\000.\0002\000.\0003\000.\0006\000\040\000p\000a\000z\000y\000m\000i\000a\000i\000\050\000\051\000\040\000[\0002\000/\0002\000]}{subsection.5.2.3}% 74
\BOOKMARK [3][-]{subsubsection.5.2.3.7}{\376\377\0005\000.\0002\000.\0003\000.\0007\000\040\000s\000e\000t\000E\000g\000z\000a\000m\000i\000n\000a\000s\000\050\000\051}{subsection.5.2.3}% 75
\BOOKMARK [3][-]{subsubsection.5.2.3.8}{\376\377\0005\000.\0002\000.\0003\000.\0008\000\040\000s\000e\000t\000M\000e\000d\000i\000a\000n\000a\000\050\000\051}{subsection.5.2.3}% 76
\BOOKMARK [3][-]{subsubsection.5.2.3.9}{\376\377\0005\000.\0002\000.\0003\000.\0009\000\040\000s\000e\000t\000V\000i\000d\000u\000r\000k\000i\000s\000\050\000\051}{subsection.5.2.3}% 77
\BOOKMARK [3][-]{subsubsection.5.2.3.10}{\376\377\0005\000.\0002\000.\0003\000.\0001\0000\000\040\000t\000i\000p\000a\000s\000\050\000\051}{subsection.5.2.3}% 78
\BOOKMARK [3][-]{subsubsection.5.2.3.11}{\376\377\0005\000.\0002\000.\0003\000.\0001\0001\000\040\000v\000i\000d\000u\000r\000k\000i\000s\000\050\000\051}{subsection.5.2.3}% 79
\BOOKMARK [2][-]{subsection.5.2.4}{\376\377\0005\000.\0002\000.\0004\000\040\000M\000e\000m\000b\000e\000r\000\040\000D\000a\000t\000a\000\040\000D\000o\000c\000u\000m\000e\000n\000t\000a\000t\000i\000o\000n}{section.5.2}% 80
\BOOKMARK [3][-]{subsubsection.5.2.4.1}{\376\377\0005\000.\0002\000.\0004\000.\0001\000\040\000e\000g\000z\000a\000m\000i\000n\000a\000s\000\137}{subsection.5.2.4}% 81
\BOOKMARK [3][-]{subsubsection.5.2.4.2}{\376\377\0005\000.\0002\000.\0004\000.\0002\000\040\000m\000e\000d\000i\000a\000n\000a\000\137}{subsection.5.2.4}% 82
\BOOKMARK [3][-]{subsubsection.5.2.4.3}{\376\377\0005\000.\0002\000.\0004\000.\0003\000\040\000p\000a\000z\000y\000m\000i\000a\000i\000\137}{subsection.5.2.4}% 83
\BOOKMARK [3][-]{subsubsection.5.2.4.4}{\376\377\0005\000.\0002\000.\0004\000.\0004\000\040\000v\000i\000d\000u\000r\000k\000i\000s\000\137}{subsection.5.2.4}% 84
\BOOKMARK [1][-]{section.5.3}{\376\377\0005\000.\0003\000\040\000T\000e\000s\000t\000S\000t\000u\000d\000e\000n\000t\000\040\000C\000l\000a\000s\000s\000\040\000R\000e\000f\000e\000r\000e\000n\000c\000e}{chapter.5}% 85
\BOOKMARK [2][-]{subsection.5.3.1}{\376\377\0005\000.\0003\000.\0001\000\040\000D\000e\000t\000a\000i\000l\000e\000d\000\040\000D\000e\000s\000c\000r\000i\000p\000t\000i\000o\000n}{section.5.3}% 86
\BOOKMARK [2][-]{subsection.5.3.2}{\376\377\0005\000.\0003\000.\0002\000\040\000C\000o\000n\000s\000t\000r\000u\000c\000t\000o\000r\000\040\000\046\000\040\000D\000e\000s\000t\000r\000u\000c\000t\000o\000r\000\040\000D\000o\000c\000u\000m\000e\000n\000t\000a\000t\000i\000o\000n}{section.5.3}% 87
\BOOKMARK [3][-]{subsubsection.5.3.2.1}{\376\377\0005\000.\0003\000.\0002\000.\0001\000\040\000T\000e\000s\000t\000S\000t\000u\000d\000e\000n\000t\000\050\000\051\000\040\000[\0001\000/\0003\000]}{subsection.5.3.2}% 88
\BOOKMARK [3][-]{subsubsection.5.3.2.2}{\376\377\0005\000.\0003\000.\0002\000.\0002\000\040\000T\000e\000s\000t\000S\000t\000u\000d\000e\000n\000t\000\050\000\051\000\040\000[\0002\000/\0003\000]}{subsection.5.3.2}% 89
\BOOKMARK [3][-]{subsubsection.5.3.2.3}{\376\377\0005\000.\0003\000.\0002\000.\0003\000\040\000T\000e\000s\000t\000S\000t\000u\000d\000e\000n\000t\000\050\000\051\000\040\000[\0003\000/\0003\000]}{subsection.5.3.2}% 90
\BOOKMARK [2][-]{subsection.5.3.3}{\376\377\0005\000.\0003\000.\0003\000\040\000M\000e\000m\000b\000e\000r\000\040\000F\000u\000n\000c\000t\000i\000o\000n\000\040\000D\000o\000c\000u\000m\000e\000n\000t\000a\000t\000i\000o\000n}{section.5.3}% 91
\BOOKMARK [3][-]{subsubsection.5.3.3.1}{\376\377\0005\000.\0003\000.\0003\000.\0001\000\040\000e\000g\000z\000a\000m\000i\000n\000a\000s\000\050\000\051}{subsection.5.3.3}% 92
\BOOKMARK [3][-]{subsubsection.5.3.3.2}{\376\377\0005\000.\0003\000.\0003\000.\0002\000\040\000m\000e\000d\000i\000a\000n\000a\000\050\000\051}{subsection.5.3.3}% 93
\BOOKMARK [3][-]{subsubsection.5.3.3.3}{\376\377\0005\000.\0003\000.\0003\000.\0003\000\040\000o\000p\000e\000r\000a\000t\000o\000r\000=\000\050\000\051\000\040\000[\0001\000/\0002\000]}{subsection.5.3.3}% 94
\BOOKMARK [3][-]{subsubsection.5.3.3.4}{\376\377\0005\000.\0003\000.\0003\000.\0004\000\040\000o\000p\000e\000r\000a\000t\000o\000r\000=\000\050\000\051\000\040\000[\0002\000/\0002\000]}{subsection.5.3.3}% 95
\BOOKMARK [3][-]{subsubsection.5.3.3.5}{\376\377\0005\000.\0003\000.\0003\000.\0005\000\040\000p\000a\000v\000a\000r\000d\000e\000\050\000\051}{subsection.5.3.3}% 96
\BOOKMARK [3][-]{subsubsection.5.3.3.6}{\376\377\0005\000.\0003\000.\0003\000.\0006\000\040\000p\000a\000z\000y\000m\000i\000a\000i\000\050\000\051\000\040\000[\0001\000/\0002\000]}{subsection.5.3.3}% 97
\BOOKMARK [3][-]{subsubsection.5.3.3.7}{\376\377\0005\000.\0003\000.\0003\000.\0007\000\040\000p\000a\000z\000y\000m\000i\000a\000i\000\050\000\051\000\040\000[\0002\000/\0002\000]}{subsection.5.3.3}% 98
\BOOKMARK [3][-]{subsubsection.5.3.3.8}{\376\377\0005\000.\0003\000.\0003\000.\0008\000\040\000s\000e\000t\000E\000g\000z\000a\000m\000i\000n\000a\000s\000\050\000\051}{subsection.5.3.3}% 99
\BOOKMARK [3][-]{subsubsection.5.3.3.9}{\376\377\0005\000.\0003\000.\0003\000.\0009\000\040\000s\000e\000t\000M\000e\000d\000i\000a\000n\000a\000\050\000\051}{subsection.5.3.3}% 100
\BOOKMARK [3][-]{subsubsection.5.3.3.10}{\376\377\0005\000.\0003\000.\0003\000.\0001\0000\000\040\000s\000e\000t\000P\000a\000v\000a\000r\000d\000e\000\050\000\051}{subsection.5.3.3}% 101
\BOOKMARK [3][-]{subsubsection.5.3.3.11}{\376\377\0005\000.\0003\000.\0003\000.\0001\0001\000\040\000s\000e\000t\000V\000a\000r\000d\000a\000s\000\050\000\051}{subsection.5.3.3}% 102
\BOOKMARK [3][-]{subsubsection.5.3.3.12}{\376\377\0005\000.\0003\000.\0003\000.\0001\0002\000\040\000s\000e\000t\000V\000i\000d\000u\000r\000k\000i\000s\000\050\000\051}{subsection.5.3.3}% 103
\BOOKMARK [3][-]{subsubsection.5.3.3.13}{\376\377\0005\000.\0003\000.\0003\000.\0001\0003\000\040\000v\000a\000r\000d\000a\000s\000\050\000\051}{subsection.5.3.3}% 104
\BOOKMARK [3][-]{subsubsection.5.3.3.14}{\376\377\0005\000.\0003\000.\0003\000.\0001\0004\000\040\000v\000i\000d\000u\000r\000k\000i\000s\000\050\000\051}{subsection.5.3.3}% 105
\BOOKMARK [2][-]{subsection.5.3.4}{\376\377\0005\000.\0003\000.\0004\000\040\000M\000e\000m\000b\000e\000r\000\040\000D\000a\000t\000a\000\040\000D\000o\000c\000u\000m\000e\000n\000t\000a\000t\000i\000o\000n}{section.5.3}% 106
\BOOKMARK [3][-]{subsubsection.5.3.4.1}{\376\377\0005\000.\0003\000.\0004\000.\0001\000\040\000e\000g\000z\000a\000m\000i\000n\000a\000s\000\137}{subsection.5.3.4}% 107
\BOOKMARK [3][-]{subsubsection.5.3.4.2}{\376\377\0005\000.\0003\000.\0004\000.\0002\000\040\000m\000e\000d\000i\000a\000n\000a\000\137}{subsection.5.3.4}% 108
\BOOKMARK [3][-]{subsubsection.5.3.4.3}{\376\377\0005\000.\0003\000.\0004\000.\0003\000\040\000p\000a\000v\000a\000r\000d\000e\000\137}{subsection.5.3.4}% 109
\BOOKMARK [3][-]{subsubsection.5.3.4.4}{\376\377\0005\000.\0003\000.\0004\000.\0004\000\040\000p\000a\000z\000y\000m\000i\000a\000i\000\137}{subsection.5.3.4}% 110
\BOOKMARK [3][-]{subsubsection.5.3.4.5}{\376\377\0005\000.\0003\000.\0004\000.\0005\000\040\000v\000a\000r\000d\000a\000s\000\137}{subsection.5.3.4}% 111
\BOOKMARK [3][-]{subsubsection.5.3.4.6}{\376\377\0005\000.\0003\000.\0004\000.\0006\000\040\000v\000i\000d\000u\000r\000k\000i\000s\000\137}{subsection.5.3.4}% 112
\BOOKMARK [1][-]{section.5.4}{\376\377\0005\000.\0004\000\040\000Z\000m\000o\000g\000u\000s\000\040\000C\000l\000a\000s\000s\000\040\000R\000e\000f\000e\000r\000e\000n\000c\000e}{chapter.5}% 113
\BOOKMARK [2][-]{subsection.5.4.1}{\376\377\0005\000.\0004\000.\0001\000\040\000D\000e\000t\000a\000i\000l\000e\000d\000\040\000D\000e\000s\000c\000r\000i\000p\000t\000i\000o\000n}{section.5.4}% 114
\BOOKMARK [2][-]{subsection.5.4.2}{\376\377\0005\000.\0004\000.\0002\000\040\000C\000o\000n\000s\000t\000r\000u\000c\000t\000o\000r\000\040\000\046\000\040\000D\000e\000s\000t\000r\000u\000c\000t\000o\000r\000\040\000D\000o\000c\000u\000m\000e\000n\000t\000a\000t\000i\000o\000n}{section.5.4}% 115
\BOOKMARK [3][-]{subsubsection.5.4.2.1}{\376\377\0005\000.\0004\000.\0002\000.\0001\000\040\000Z\000m\000o\000g\000u\000s\000\050\000\051\000\040\000[\0001\000/\0003\000]}{subsection.5.4.2}% 116
\BOOKMARK [3][-]{subsubsection.5.4.2.2}{\376\377\0005\000.\0004\000.\0002\000.\0002\000\040\000Z\000m\000o\000g\000u\000s\000\050\000\051\000\040\000[\0002\000/\0003\000]}{subsection.5.4.2}% 117
\BOOKMARK [3][-]{subsubsection.5.4.2.3}{\376\377\0005\000.\0004\000.\0002\000.\0003\000\040\000Z\000m\000o\000g\000u\000s\000\050\000\051\000\040\000[\0003\000/\0003\000]}{subsection.5.4.2}% 118
\BOOKMARK [3][-]{subsubsection.5.4.2.4}{\376\377\0005\000.\0004\000.\0002\000.\0004\000\040\000~\000Z\000m\000o\000g\000u\000s\000\050\000\051}{subsection.5.4.2}% 119
\BOOKMARK [2][-]{subsection.5.4.3}{\376\377\0005\000.\0004\000.\0003\000\040\000M\000e\000m\000b\000e\000r\000\040\000F\000u\000n\000c\000t\000i\000o\000n\000\040\000D\000o\000c\000u\000m\000e\000n\000t\000a\000t\000i\000o\000n}{section.5.4}% 120
\BOOKMARK [3][-]{subsubsection.5.4.3.1}{\376\377\0005\000.\0004\000.\0003\000.\0001\000\040\000o\000p\000e\000r\000a\000t\000o\000r\000=\000\050\000\051\000\040\000[\0001\000/\0002\000]}{subsection.5.4.3}% 121
\BOOKMARK [3][-]{subsubsection.5.4.3.2}{\376\377\0005\000.\0004\000.\0003\000.\0002\000\040\000o\000p\000e\000r\000a\000t\000o\000r\000=\000\050\000\051\000\040\000[\0002\000/\0002\000]}{subsection.5.4.3}% 122
\BOOKMARK [3][-]{subsubsection.5.4.3.3}{\376\377\0005\000.\0004\000.\0003\000.\0003\000\040\000p\000a\000v\000a\000r\000d\000e\000\050\000\051}{subsection.5.4.3}% 123
\BOOKMARK [3][-]{subsubsection.5.4.3.4}{\376\377\0005\000.\0004\000.\0003\000.\0004\000\040\000s\000e\000t\000P\000a\000v\000a\000r\000d\000e\000\050\000\051}{subsection.5.4.3}% 124
\BOOKMARK [3][-]{subsubsection.5.4.3.5}{\376\377\0005\000.\0004\000.\0003\000.\0005\000\040\000s\000e\000t\000V\000a\000r\000d\000a\000s\000\050\000\051}{subsection.5.4.3}% 125
\BOOKMARK [3][-]{subsubsection.5.4.3.6}{\376\377\0005\000.\0004\000.\0003\000.\0006\000\040\000v\000a\000r\000d\000a\000s\000\050\000\051}{subsection.5.4.3}% 126
\BOOKMARK [2][-]{subsection.5.4.4}{\376\377\0005\000.\0004\000.\0004\000\040\000M\000e\000m\000b\000e\000r\000\040\000D\000a\000t\000a\000\040\000D\000o\000c\000u\000m\000e\000n\000t\000a\000t\000i\000o\000n}{section.5.4}% 127
\BOOKMARK [3][-]{subsubsection.5.4.4.1}{\376\377\0005\000.\0004\000.\0004\000.\0001\000\040\000p\000a\000v\000a\000r\000d\000e\000\137}{subsection.5.4.4}% 128
\BOOKMARK [3][-]{subsubsection.5.4.4.2}{\376\377\0005\000.\0004\000.\0004\000.\0002\000\040\000v\000a\000r\000d\000a\000s\000\137}{subsection.5.4.4}% 129
\BOOKMARK [0][-]{chapter.6}{\376\377\0006\000\040\000F\000i\000l\000e\000\040\000D\000o\000c\000u\000m\000e\000n\000t\000a\000t\000i\000o\000n}{}% 130
\BOOKMARK [1][-]{section.6.1}{\376\377\0006\000.\0001\000\040\000f\000u\000n\000k\000c\000i\000j\000o\000s\000.\000h}{chapter.6}% 131
\BOOKMARK [1][-]{section.6.2}{\376\377\0006\000.\0002\000\040\000l\000i\000b\000r\000a\000r\000y\000.\000h}{chapter.6}% 132
\BOOKMARK [1][-]{section.6.3}{\376\377\0006\000.\0003\000\040\000m\000a\000i\000n\000.\000c\000p\000p}{chapter.6}% 133
\BOOKMARK [1][-]{section.6.4}{\376\377\0006\000.\0004\000\040\000o\000b\000j\000e\000k\000t\000i\000n\000i\000s\000\137\000p\000a\000t\000i\000k\000r\000i\000n\000i\000m\000a\000i\000.\000c\000p\000p}{chapter.6}% 134
\BOOKMARK [1][-]{section.6.5}{\376\377\0006\000.\0005\000\040\000p\000a\000t\000i\000k\000r\000i\000n\000i\000m\000a\000i\000.\000h}{chapter.6}% 135
\BOOKMARK [1][-]{section.6.6}{\376\377\0006\000.\0006\000\040\000r\000u\000l\000e\000\137\000o\000f\000\137\000f\000i\000v\000e\000\137\000t\000e\000s\000t\000.\000c\000p\000p}{chapter.6}% 136
\BOOKMARK [1][-]{section.6.7}{\376\377\0006\000.\0007\000\040\000v\000e\000c\000t\000o\000r\000.\000h}{chapter.6}% 137
\BOOKMARK [0][-]{section*.18}{\376\377\000I\000n\000d\000e\000x}{}% 138
